[backblue.gif]
[fade.gif]
[index.html]
[external.html]
[wolfpack.twu.net/SearchAndRescue/manual/index.html]
[wolfpack.twu.net/SearchAndRescue/manual/title.png]
[wolfpack.twu.net/SearchAndRescue/manual/setup.html]
[wolfpack.twu.net/SearchAndRescue/manual/controls.html]
[wolfpack.twu.net/SearchAndRescue/manual/free_flight.html]
[wolfpack.twu.net/SearchAndRescue/manual/views.html]
[wolfpack.twu.net/SearchAndRescue/manual/main_menu.png]
[wolfpack.twu.net/SearchAndRescue/manual/icon_run.gif]
[wolfpack.twu.net/SearchAndRescue/manual/icon_info.gif]
[wolfpack.twu.net/SearchAndRescue/manual/flying.html]
[wolfpack.twu.net/SearchAndRescue/manual/graphics_menu.png]
[wolfpack.twu.net/SearchAndRescue/manual/aircrafts.html]
[wolfpack.twu.net/SearchAndRescue/manual/sound_menu.png]
[wolfpack.twu.net/SearchAndRescue/manual/environment.html]
[wolfpack.twu.net/SearchAndRescue/manual/createyourown.html]
[wolfpack.twu.net/SearchAndRescue/manual/faq.html]
[wolfpack.twu.net/SearchAndRescue/manual/index-2.html]
[wolfpack.twu.net/SearchAndRescue/manual/icon_bulb.gif]
[wolfpack.twu.net/SearchAndRescue/manual/aircraft_details.png]
[wolfpack.twu.net/SearchAndRescue/manual/camera.png]
[wolfpack.twu.net/SearchAndRescue/manual/cockpit.png]
[wolfpack.twu.net/SearchAndRescue/manual/outside.png]
[wolfpack.twu.net/SearchAndRescue/manual/map.png]
[wolfpack.twu.net/SearchAndRescue/manual/flying_bank.png]
[wolfpack.twu.net/SearchAndRescue/manual/flying_pitch.png]
[wolfpack.twu.net/SearchAndRescue/manual/flying_heading.png]
[wolfpack.twu.net/SearchAndRescue/manual/flying_collective.png]
[wolfpack.twu.net/SearchAndRescue/manual/flying_landing.png]
[wolfpack.twu.net/SearchAndRescue/manual/icon_warning.gif]
[wolfpack.twu.net/SearchAndRescue/manual/flying_rescue01.png]
[wolfpack.twu.net/SearchAndRescue/manual/flying_rescue02.png]
[wolfpack.twu.net/SearchAndRescue/manual/flying_rescue03.png]
[wolfpack.twu.net/SearchAndRescue/manual/as350.png]
[wolfpack.twu.net/SearchAndRescue/manual/hh65.png]
[wolfpack.twu.net/SearchAndRescue/manual/hh60.png]
[wolfpack.twu.net/SearchAndRescue/manual/v22.png]
[wolfpack.twu.net/SearchAndRescue/manual/s64.png]
[wolfpack.twu.net/SearchAndRescue/manual/ka27.png]
[wolfpack.twu.net/SearchAndRescue/manual/b47.png]
[wolfpack.twu.net/SearchAndRescue/manual/uh1d.png]
[wolfpack.twu.net/SearchAndRescue/manual/details.png]
[wolfpack.twu.net/SearchAndRescue/manual/weather.png]
[wolfpack.twu.net/SearchAndRescue/manual/creatingobjects.html]
[wolfpack.twu.net/SearchAndRescue/manual/icon_file.gif]
[wolfpack.twu.net/SearchAndRescue/manual/icon_folder_opened.gif]
[wolfpack.twu.net/SearchAndRescue/manual/lightwave01.png]
[wolfpack.twu.net/SearchAndRescue/manual/lwoimporthowto.html]
[wolfpack.twu.net/SearchAndRescue/manual/vertexlwoimport01.png]
[wolfpack.twu.net/SearchAndRescue/manual/lwoaircrafthowto.html]
[wolfpack.twu.net/SearchAndRescue/manual/hangar01.html]
[wolfpack.twu.net/SearchAndRescue/manual/vertexlwoimport02.png]
[wolfpack.twu.net/SearchAndRescue/manual/sarlwo01.png]
[wolfpack.twu.net/SearchAndRescue/manual/cubecone.lwo]
